0.0868895021586	0.0314063421895
0.170417227653	-0.0384337605595
0.178594339526	-0.026109138545
0.174799804946	0.147403741125
-0.285677539687	0.0525752952379
0.0501629921931	0.225684584975
0.135506214702	-0.10926837416
0.0234161150923	0.146383967324
0.253589125315	-0.0803513569554
-0.0542204244089	-0.0479735765372
0.305536510541	-0.00228566044295
0.0586209250765	0.0908844194719
0.27784063849	-0.0933381175831
-0.196449269175	0.0499677498574
-0.33820092582	-0.0759992222274
-0.00378183517119	-0.137270038346
-0.149605529251	-0.0391140020846
0.0616538633872	0.100288075946
-0.200460794448	-0.0253781851367
0.0719798512147	0.142507139867
-0.019031007968	0.0169316783564
